MO Mux_4x1 NULL Z:/ECE/HDL_Design/CA/CA_5/MUX_16x1_by_4x1/Mux_16x1.v vlg66/_mux__4x1.bin 1638436725
MO glbl NULL C:/Xilinx92i/verilog/src/glbl.v vlg2D/glbl.bin 1637559657
MO Mux_16x1_TB_v NULL Z:/ECE/HDL_Design/CA/CA_5/MUX_16x1_by_4x1/Mux_16x1_TB.v vlg33/_mux__16x1___t_b__v.bin 1638436725
MO Mux_16x1 NULL Z:/ECE/HDL_Design/CA/CA_5/MUX_16x1_by_4x1/Mux_16x1.v vlg29/_mux__16x1.bin 1638436725
