V3 9
FL $XILINX/verilog/src/glbl.v 2007/05/19.02:52:56 J.36
MO isim_temp/glbl FL $XILINX/verilog/src/glbl.v
FL F:/ECE/HDL_Design/Class/Counter/Clock.v 2021/11/01.22:37:09 J.36
MO isim_temp/Clock_v FL F:/ECE/HDL_Design/Class/Counter/Clock.v \
      MI synchronous_counter
FL F:/ECE/HDL_Design/Class/Counter/synchronous_counter.v 2021/11/01.22:20:39 J.36
MO isim_temp/dff FL F:/ECE/HDL_Design/Class/Counter/synchronous_counter.v
MO isim_temp/synchronous_counter \
      FL F:/ECE/HDL_Design/Class/Counter/synchronous_counter.v MI dff
