V3 7
FL $XILINX/verilog/src/glbl.v 2007/05/19.02:52:56 J.36
MO isim_temp/glbl FL $XILINX/verilog/src/glbl.v
FL F:/ECE/HDL_Design/CA/CA_2/A/Full_Adder/Full_Adder/mohit.v 2021/09/28.13:07:16 J.36
MO isim_temp/mohit FL F:/ECE/HDL_Design/CA/CA_2/A/Full_Adder/Full_Adder/mohit.v
FL F:/ECE/HDL_Design/CA/CA_2/A/Full_Adder/Full_Adder/rawat.v 2021/09/28.15:57:48 J.36
MO isim_temp/rawat FL F:/ECE/HDL_Design/CA/CA_2/A/Full_Adder/Full_Adder/rawat.v \
      MI mohit
