MO DeCoder_2_4_TB NULL F:/ECE/HDL_Design/Class/Mux_DeMux/DeCoder_2_4/DeCoder_2_4/DeCoder_2_4_TB.v vlg4B/_de_coder__2__4___t_b.bin 1635580591
MO DeCoder_2_4 NULL F:/ECE/HDL_Design/Class/Mux_DeMux/DeCoder_2_4/DeCoder_2_4/DeCoder_2_4.v vlg76/_de_coder__2__4.bin 1635580591
MO glbl NULL C:/Xilinx92i/verilog/src/glbl.v vlg2D/glbl.bin 1635580591
