MO dff NULL F:/ECE/HDL_Design/Class/Counter/synchronous_counter.v vlg28/dff.bin 1635785494
MO Clock_v NULL F:/ECE/HDL_Design/Class/Counter/Clock.v vlg51/_clock__v.bin 1635786441
MO glbl NULL C:/Xilinx92i/verilog/src/glbl.v vlg2D/glbl.bin 1635785495
MO synchronous_counter NULL F:/ECE/HDL_Design/Class/Counter/synchronous_counter.v vlg1A/synchronous__counter.bin 1635785494
