MO Half_Adder NULL F:/ECE/HDL_Design/CA/CA_2/B/Ripple_Carry_Half_Adder/RippleCarryHalfAdder/mohit.v vlg1A/_half___adder.bin 1632836028
MO mohit NULL F:/ECE/HDL_Design/CA/CA_2/B/Ripple_Carry_Half_Adder/RippleCarryHalfAdder/mohit.v vlg79/mohit.bin 1632836028
MO myTB NULL F:/ECE/HDL_Design/CA/CA_2/B/Ripple_Carry_Half_Adder/RippleCarryHalfAdder/myTB.v vlg70/my_t_b.bin 1632836028
MO glbl NULL C:/Xilinx92i/verilog/src/glbl.v vlg2D/glbl.bin 1632836028
MO Full_Adder NULL F:/ECE/HDL_Design/CA/CA_2/B/Ripple_Carry_Half_Adder/RippleCarryHalfAdder/mohit.v vlg1A/_full___adder.bin 1632836028
