MO Down_Counter NULL F:/ECE/HDL_Design/CA/CA_4/Down_Counter/Down_Counter.v vlg6F/_down___counter.bin 1635835483
MO Clock_v NULL F:/ECE/HDL_Design/CA/CA_4/Down_Counter/Clock.v vlg51/_clock__v.bin 1635835483
MO t_ff NULL F:/ECE/HDL_Design/CA/CA_4/Down_Counter/Down_Counter.v vlg4F/t__ff.bin 1635835483
MO glbl NULL C:/Xilinx92i/verilog/src/glbl.v vlg2D/glbl.bin 1635835483
